******************************************************************************
                  TI ARM Linker PC v18.12.2                    
******************************************************************************
>> Linked Wed Oct 29 17:09:33 2025

OUTPUT FILE NAME:   <project0.out>
ENTRY POINT SYMBOL: "_c_int00_noargs"  address: 00001b3d


MEMORY CONFIGURATION

         name            origin    length      used     unused   attr    fill
----------------------  --------  ---------  --------  --------  ----  --------
  FLASH                 00000000   00040000  0000218a  0003de76  R  X
  SRAM                  20000000   00008000  000003a4  00007c5c  RW X


SEGMENT ALLOCATION MAP

run origin  load origin   length   init length attrs members
----------  ----------- ---------- ----------- ----- -------
00000000    00000000    00002190   00002190    r-x
  00000000    00000000    0000026c   0000026c    r-- .intvecs
  0000026c    0000026c    00001b56   00001b56    r-x .text
  00001dc8    00001dc8    00000378   00000378    r-- .const
  00002140    00002140    00000050   00000050    r-- .cinit
20000000    20000000    000003a8   00000000    rw-
  20000000    20000000    0000026c   00000000    rw- .vtable
  20000270    20000270    00000100   00000000    rw- .stack
  20000370    20000370    00000020   00000000    rw- .data
  20000390    20000390    00000018   00000000    rw- .bss


SECTION ALLOCATION MAP

 output                                  attributes/
section   page    origin      length       input sections
--------  ----  ----------  ----------   ----------------
.intvecs   0    00000000    0000026c     
                  00000000    0000026c     startup_ccs.obj (.intvecs)

.text      0    0000026c    00001b56     
                  0000026c    00000460     rtsv7M4_T_le_v4SPD16_eabi.lib : strtod.c.obj (.text:strtod)
                  000006cc    00000240     project0.obj (.text:main)
                  0000090c    000001ee     uartstdio.obj (.text:UARTvprintf)
                  00000afa    00000002     startup_ccs.obj (.text:FaultISR)
                  00000afc    000001e0     project0.obj (.text:UART0IntHandler)
                  00000cdc    000001b6     rtsv7M4_T_le_v4SPD16_eabi.lib : fd_add_t2.asm.obj (.text)
                  00000e92    00000002     startup_ccs.obj (.text:IntDefaultHandler)
                  00000e94    0000016c     driverlib.lib : gpio.obj (.text:GPIOPadConfigSet)
                  00001000    00000136     rtsv7M4_T_le_v4SPD16_eabi.lib : fd_div_t2.asm.obj (.text)
                  00001136    00000002     startup_ccs.obj (.text:NmiSR)
                  00001138    00000118     driverlib.lib : sysctl.obj (.text:SysCtlClockGet)
                  00001250    00000110     rtsv7M4_T_le_v4SPD16_eabi.lib : s_scalbn.c.obj (.text:scalbn)
                  00001360    000000fc                                   : fd_mul_t2.asm.obj (.text)
                  0000145c    000000f4     driverlib.lib : sysctl.obj (.text:SysCtlClockSet)
                  00001550    0000009c     rtsv7M4_T_le_v4SPD16_eabi.lib : memcpy_t2.asm.obj (.text)
                  000015ec    00000086                                   : fd_cmp_t2.asm.obj (.text:__aeabi_cdcmple)
                  00001672    0000007a     driverlib.lib : adc.obj (.text:ADCSequenceStepConfigure)
                  000016ec    0000006e     rtsv7M4_T_le_v4SPD16_eabi.lib : fd_tos_t2.asm.obj (.text)
                  0000175a    00000002                                   : div0.asm.obj (.text)
                  0000175c    00000068     driverlib.lib : interrupt.obj (.text:IntEnable)
                  000017c4    00000068     rtsv7M4_T_le_v4SPD16_eabi.lib : copy_decompress_lzss.c.obj (.text:decompress:lzss:__TI_decompress_lzss)
                  0000182c    00000060     uartstdio.obj (.text:UARTStdioConfig)
                  0000188c    00000050     uartstdio.obj (.text:UARTwrite)
                  000018dc    0000004e     driverlib.lib : adc.obj (.text:ADCSequenceConfigure)
                  0000192a    00000002     --HOLE-- [fill = 0]
                  0000192c    0000004c     project0.obj (.text:ConfigureUART0)
                  00001978    0000004c     driverlib.lib : gpio.obj (.text:GPIOPinConfigure)
                  000019c4    0000004c     rtsv7M4_T_le_v4SPD16_eabi.lib : atoi.c.obj (.text:atoi)
                  00001a10    00000044                                   : autoinit.c.obj (.text:__TI_auto_init_nobinit_nopinit:__TI_auto_init_nobinit_nopinit)
                  00001a54    00000040     driverlib.lib : uart.obj (.text:_UARTIntNumberGet)
                  00001a94    00000040     rtsv7M4_T_le_v4SPD16_eabi.lib : u_divt2.asm.obj (.text)
                  00001ad4    00000034     driverlib.lib : interrupt.obj (.text:IntRegister)
                  00001b08    00000034                   : sysctl.obj (.text:SysCtlPeripheralEnable)
                  00001b3c    00000034     rtsv7M4_T_le_v4SPD16_eabi.lib : boot_cortex_m.c.obj (.text:_c_int00_noargs:_c_int00_noargs)
                  00001b70    0000002e     driverlib.lib : adc.obj (.text:ADCIntStatus)
                  00001b9e    0000002c                   : gpio.obj (.text:GPIODirModeSet)
                  00001bca    00000022                   : pwm.obj (.text:PWMGenConfigure)
                  00001bec    0000001e                   : adc.obj (.text:ADCSequenceDataGet)
                  00001c0a    0000001e                   : pwm.obj (.text:PWMPulseWidthSet)
                  00001c28    0000001c     rtsv7M4_T_le_v4SPD16_eabi.lib : copy_zero_init.c.obj (.text:decompress:ZI:__TI_zero_init_nomemset:__TI_zero_init_nomemset)
                  00001c44    0000001a     uartstdio.obj (.text:UARTprintf)
                  00001c5e    0000001a     rtsv7M4_T_le_v4SPD16_eabi.lib : s_copysign.c.obj (.text:copysign)
                  00001c78    00000018     driverlib.lib : adc.obj (.text:ADCProcessorTrigger)
                  00001c90    00000018                   : uart.obj (.text:UARTIntRegister)
                  00001ca8    00000016                   : gpio.obj (.text:GPIOPinTypeADC)
                  00001cbe    00000016                   : gpio.obj (.text:GPIOPinTypePWM)
                  00001cd4    00000016                   : gpio.obj (.text:GPIOPinTypeUART)
                  00001cea    00000002     --HOLE-- [fill = 0]
                  00001cec    00000014                   : sysctl.obj (.text:SysCtlPWMClockSet)
                  00001d00    00000012                   : pwm.obj (.text:PWMOutputState)
                  00001d12    00000010                   : interrupt.obj (.text:IntMasterEnable)
                  00001d22    00000010                   : pwm.obj (.text:PWMGenPeriodSet)
                  00001d32    0000000e                   : adc.obj (.text:ADCSequenceEnable)
                  00001d40    0000000e                   : uart.obj (.text:UARTCharsAvail)
                  00001d4e    0000000e     rtsv7M4_T_le_v4SPD16_eabi.lib : copy_decompress_none.c.obj (.text:decompress:none:__TI_decompress_none)
                  00001d5c    0000000c     driverlib.lib : cpu.obj (.text:CPUcpsie)
                  00001d68    0000000c                   : pwm.obj (.text:PWMGenEnable)
                  00001d74    0000000a                   : adc.obj (.text:ADCIntClear)
                  00001d7e    0000000a                   : uart.obj (.text:UARTCharGet)
                  00001d88    0000000a                   : uart.obj (.text:UARTIntStatus)
                  00001d92    00000008                   : uart.obj (.text:UARTIntEnable)
                  00001d9a    00000002     --HOLE-- [fill = 0]
                  00001d9c    00000008     rtsv7M4_T_le_v4SPD16_eabi.lib : errno.c.obj (.text:__aeabi_errno_addr)
                  00001da4    00000006     startup_ccs.obj (.text:ResetISR)
                  00001daa    00000006     driverlib.lib : sysctl.obj (.text:SysCtlDelay)
                  00001db0    00000006                   : uart.obj (.text:UARTClockSourceSet)
                  00001db6    00000004                   : uart.obj (.text:UARTIntClear)
                  00001dba    00000004     rtsv7M4_T_le_v4SPD16_eabi.lib : pre_init.c.obj (.text:_system_pre_init)
                  00001dbe    00000004                                   : exit.c.obj (.text:abort:abort)

.const     0    00001dc8    00000378     
                  00001dc8    00000101     rtsv7M4_T_le_v4SPD16_eabi.lib : ctype.c.obj (.const:.string:_ctypes_)
                  00001ec9    00000007     --HOLE-- [fill = 0]
                  00001ed0    000000c8                                   : strtod.c.obj (.const:$O1$$)
                  00001f98    00000090     driverlib.lib : gpio.obj (.const:g_pui32GPIOBaseAddrs)
                  00002028    0000006c                   : sysctl.obj (.const:g_pui32Xtals)
                  00002094    00000040                   : uart.obj (.const:g_ppui32UARTIntMap)
                  000020d4    00000040                   : uart.obj (.const:g_ppui32UARTIntMapSnowflake)
                  00002114    00000014                   : interrupt.obj (.const:g_pui32EnRegs)
                  00002128    0000000c     uartstdio.obj (.const:g_ui32UARTBase)
                  00002134    0000000c     uartstdio.obj (.const:g_ui32UARTPeriph)

.cinit     0    00002140    00000050     
                  00002140    00000016     (.cinit..data.load) [load image, compression = lzss]
                  00002156    00000002     --HOLE-- [fill = 0]
                  00002158    0000000c     (__TI_handler_table)
                  00002164    00000004     --HOLE-- [fill = 0]
                  00002168    00000008     (.cinit..bss.load) [load image, compression = zero_init]
                  00002170    00000008     (.cinit..vtable.load) [load image, compression = zero_init]
                  00002178    00000018     (__TI_cinit_table)

.init_array 
*          0    00000000    00000000     UNINITIALIZED

.vtable    0    20000000    0000026c     UNINITIALIZED
                  20000000    0000026c     driverlib.lib : interrupt.obj (.vtable)

.data      0    20000370    00000020     UNINITIALIZED
                  20000370    00000014     project0.obj (.data)
                  20000384    00000005     uartstdio.obj (.data)
                  20000389    00000003     --HOLE--
                  2000038c    00000004     rtsv7M4_T_le_v4SPD16_eabi.lib : errno.c.obj (.data)

.bss       0    20000390    00000018     UNINITIALIZED
                  20000390    00000014     (.common:buffer)
                  200003a4    00000004     (.common:pwmPer)

.stack     0    20000270    00000100     UNINITIALIZED
                  20000270    00000004     rtsv7M4_T_le_v4SPD16_eabi.lib : boot_cortex_m.c.obj (.stack)
                  20000274    000000fc     --HOLE--

.binit     0    00000000    00000000     

MODULE SUMMARY

       Module                       code   ro data   rw data
       ------                       ----   -------   -------
    .\
       project0.obj                 1132   0         44     
       uartstdio.obj                696    24        5      
       startup_ccs.obj              12     620       0      
    +--+----------------------------+------+---------+---------+
       Total:                       1840   644       49     
                                                            
    C:/ti/TivaWare_C_Series-2.2.0.295/driverlib/ccs/Debug/driverlib.lib
       interrupt.obj                172    20        620    
       sysctl.obj                   602    108       0      
       gpio.obj                     550    144       0      
       adc.obj                      324    0         0      
       uart.obj                     140    128       0      
       pwm.obj                      110    0         0      
       cpu.obj                      12     0         0      
    +--+----------------------------+------+---------+---------+
       Total:                       1910   400       620    
                                                            
    C:\Users\renan\Downloads\ti-cgt-arm_18.12.2.LTS\lib\rtsv7M4_T_le_v4SPD16_eabi.lib
       strtod.c.obj                 1120   200       0      
       fd_add_t2.asm.obj            438    0         0      
       fd_div_t2.asm.obj            310    0         0      
       s_scalbn.c.obj               272    0         0      
       ctype.c.obj                  0      257       0      
       fd_mul_t2.asm.obj            252    0         0      
       memcpy_t2.asm.obj            156    0         0      
       fd_cmp_t2.asm.obj            134    0         0      
       fd_tos_t2.asm.obj            110    0         0      
       copy_decompress_lzss.c.obj   104    0         0      
       atoi.c.obj                   76     0         0      
       autoinit.c.obj               68     0         0      
       u_divt2.asm.obj              64     0         0      
       boot_cortex_m.c.obj          52     0         0      
       copy_zero_init.c.obj         28     0         0      
       s_copysign.c.obj             26     0         0      
       copy_decompress_none.c.obj   14     0         0      
       errno.c.obj                  8      0         4      
       exit.c.obj                   4      0         0      
       pre_init.c.obj               4      0         0      
       div0.asm.obj                 2      0         0      
    +--+----------------------------+------+---------+---------+
       Total:                       3242   457       4      
                                                            
       Stack:                       0      0         256    
       Linker Generated:            0      74        0      
    +--+----------------------------+------+---------+---------+
       Grand Total:                 6992   1575      929    


LINKER GENERATED COPY TABLES

__TI_cinit_table @ 00002178 records: 3, size/record: 8, table size: 24
	.data: load addr=00002140, load size=00000016 bytes, run addr=20000370, run size=00000020 bytes, compression=lzss
	.bss: load addr=00002168, load size=00000008 bytes, run addr=20000390, run size=00000018 bytes, compression=zero_init
	.vtable: load addr=00002170, load size=00000008 bytes, run addr=20000000, run size=0000026c bytes, compression=zero_init


LINKER GENERATED HANDLER TABLE

__TI_handler_table @ 00002158 records: 3, size/record: 4, table size: 12
	index: 0, handler: __TI_zero_init
	index: 1, handler: __TI_decompress_lzss
	index: 2, handler: __TI_decompress_none


GLOBAL SYMBOLS: SORTED ALPHABETICALLY BY Name 

address   name                          
-------   ----                          
00001d75  ADCIntClear                   
00001b71  ADCIntStatus                  
00001c79  ADCProcessorTrigger           
000018dd  ADCSequenceConfigure          
00001bed  ADCSequenceDataGet            
00001d33  ADCSequenceEnable             
00001673  ADCSequenceStepConfigure      
00001dbf  C$$EXIT                       
00001d5d  CPUcpsie                      
0000192d  ConfigureUART0                
00001b9f  GPIODirModeSet                
00000e95  GPIOPadConfigSet              
00001979  GPIOPinConfigure              
00001ca9  GPIOPinTypeADC                
00001cbf  GPIOPinTypePWM                
00001cd5  GPIOPinTypeUART               
0000175d  IntEnable                     
00001d13  IntMasterEnable               
00001ad5  IntRegister                   
00001bcb  PWMGenConfigure               
00001d69  PWMGenEnable                  
00001d23  PWMGenPeriodSet               
00001d01  PWMOutputState                
00001c0b  PWMPulseWidthSet              
00001da5  ResetISR                      
00001139  SysCtlClockGet                
0000145d  SysCtlClockSet                
00001dab  SysCtlDelay                   
00001ced  SysCtlPWMClockSet             
00001b09  SysCtlPeripheralEnable        
00000afd  UART0IntHandler               
00001d7f  UARTCharGet                   
00001d41  UARTCharsAvail                
00001db1  UARTClockSourceSet            
00001db7  UARTIntClear                  
00001d93  UARTIntEnable                 
00001c91  UARTIntRegister               
00001d89  UARTIntStatus                 
0000182d  UARTStdioConfig               
00001c45  UARTprintf                    
0000090d  UARTvprintf                   
0000188d  UARTwrite                     
20000370  __STACK_END                   
00000100  __STACK_SIZE                  
20000370  __STACK_TOP                   
00002178  __TI_CINIT_Base               
00002190  __TI_CINIT_Limit              
00002158  __TI_Handler_Table_Base       
00002164  __TI_Handler_Table_Limit      
00001a11  __TI_auto_init_nobinit_nopinit
000017c5  __TI_decompress_lzss          
00001d4f  __TI_decompress_none          
ffffffff  __TI_pprof_out_hndl           
ffffffff  __TI_prof_data_size           
ffffffff  __TI_prof_data_start          
00000000  __TI_static_base__            
00001c29  __TI_zero_init_nomemset       
000015ed  __aeabi_cdcmpeq               
000015ed  __aeabi_cdcmple               
000016ed  __aeabi_d2f                   
00000ce7  __aeabi_dadd                  
00001001  __aeabi_ddiv                  
00001361  __aeabi_dmul                  
00000cdd  __aeabi_dsub                  
00001d9d  __aeabi_errno_addr            
0000175b  __aeabi_idiv0                 
0000175b  __aeabi_ldiv0                 
00001551  __aeabi_memcpy                
00001551  __aeabi_memcpy4               
00001551  __aeabi_memcpy8               
00001a95  __aeabi_uidiv                 
00001a95  __aeabi_uidivmod              
ffffffff  __binit__                     
ffffffff  __c_args__                    
UNDEFED   __mpu_init                    
20000270  __stack                       
00001b3d  _c_int00_noargs               
00001dc8  _ctypes_                      
UNDEFED   _system_post_cinit            
00001dbb  _system_pre_init              
00001dbf  abort                         
000019c5  atoi                          
ffffffff  binit                         
20000390  buffer                        
00001c5f  copysign                      
00001c5f  copysignl                     
2000038c  errno                         
20000374  g_bCommandReady               
20000000  g_pfnRAMVectors               
00000000  g_pfnVectors                  
20000378  g_ui32CmdBufInd               
20000370  index                         
2000037c  intervalo                     
00001251  ldexp                         
00001251  ldexpl                        
000006cd  main                          
00001551  memcpy                        
20000380  pwmFreq                       
200003a4  pwmPer                        
00001251  scalbn                        
00001251  scalbnl                       
0000026d  strtod                        
0000026d  strtold                       


GLOBAL SYMBOLS: SORTED BY Symbol Address 

address   name                          
-------   ----                          
00000000  __TI_static_base__            
00000000  g_pfnVectors                  
00000100  __STACK_SIZE                  
0000026d  strtod                        
0000026d  strtold                       
000006cd  main                          
0000090d  UARTvprintf                   
00000afd  UART0IntHandler               
00000cdd  __aeabi_dsub                  
00000ce7  __aeabi_dadd                  
00000e95  GPIOPadConfigSet              
00001001  __aeabi_ddiv                  
00001139  SysCtlClockGet                
00001251  ldexp                         
00001251  ldexpl                        
00001251  scalbn                        
00001251  scalbnl                       
00001361  __aeabi_dmul                  
0000145d  SysCtlClockSet                
00001551  __aeabi_memcpy                
00001551  __aeabi_memcpy4               
00001551  __aeabi_memcpy8               
00001551  memcpy                        
000015ed  __aeabi_cdcmpeq               
000015ed  __aeabi_cdcmple               
00001673  ADCSequenceStepConfigure      
000016ed  __aeabi_d2f                   
0000175b  __aeabi_idiv0                 
0000175b  __aeabi_ldiv0                 
0000175d  IntEnable                     
000017c5  __TI_decompress_lzss          
0000182d  UARTStdioConfig               
0000188d  UARTwrite                     
000018dd  ADCSequenceConfigure          
0000192d  ConfigureUART0                
00001979  GPIOPinConfigure              
000019c5  atoi                          
00001a11  __TI_auto_init_nobinit_nopinit
00001a95  __aeabi_uidiv                 
00001a95  __aeabi_uidivmod              
00001ad5  IntRegister                   
00001b09  SysCtlPeripheralEnable        
00001b3d  _c_int00_noargs               
00001b71  ADCIntStatus                  
00001b9f  GPIODirModeSet                
00001bcb  PWMGenConfigure               
00001bed  ADCSequenceDataGet            
00001c0b  PWMPulseWidthSet              
00001c29  __TI_zero_init_nomemset       
00001c45  UARTprintf                    
00001c5f  copysign                      
00001c5f  copysignl                     
00001c79  ADCProcessorTrigger           
00001c91  UARTIntRegister               
00001ca9  GPIOPinTypeADC                
00001cbf  GPIOPinTypePWM                
00001cd5  GPIOPinTypeUART               
00001ced  SysCtlPWMClockSet             
00001d01  PWMOutputState                
00001d13  IntMasterEnable               
00001d23  PWMGenPeriodSet               
00001d33  ADCSequenceEnable             
00001d41  UARTCharsAvail                
00001d4f  __TI_decompress_none          
00001d5d  CPUcpsie                      
00001d69  PWMGenEnable                  
00001d75  ADCIntClear                   
00001d7f  UARTCharGet                   
00001d89  UARTIntStatus                 
00001d93  UARTIntEnable                 
00001d9d  __aeabi_errno_addr            
00001da5  ResetISR                      
00001dab  SysCtlDelay                   
00001db1  UARTClockSourceSet            
00001db7  UARTIntClear                  
00001dbb  _system_pre_init              
00001dbf  C$$EXIT                       
00001dbf  abort                         
00001dc8  _ctypes_                      
00002158  __TI_Handler_Table_Base       
00002164  __TI_Handler_Table_Limit      
00002178  __TI_CINIT_Base               
00002190  __TI_CINIT_Limit              
20000000  g_pfnRAMVectors               
20000270  __stack                       
20000370  __STACK_END                   
20000370  __STACK_TOP                   
20000370  index                         
20000374  g_bCommandReady               
20000378  g_ui32CmdBufInd               
2000037c  intervalo                     
20000380  pwmFreq                       
2000038c  errno                         
20000390  buffer                        
200003a4  pwmPer                        
ffffffff  __TI_pprof_out_hndl           
ffffffff  __TI_prof_data_size           
ffffffff  __TI_prof_data_start          
ffffffff  __binit__                     
ffffffff  __c_args__                    
ffffffff  binit                         
UNDEFED   __mpu_init                    
UNDEFED   _system_post_cinit            

[103 symbols]
